E
======================================================================
ERROR: test_analyzers (unittest.loader._FailedTest.test_analyzers)
----------------------------------------------------------------------
ImportError: Failed to import test module: test_analyzers
Traceback (most recent call last):
  File "C:\Program Files\Python313\Lib\unittest\loader.py", line 137, in loadTestsFromName
    module = __import__(module_name)
  File "C:\Users\fseitz\GitHub\SwitchCraft\tests\test_analyzers.py", line 4, in <module>
    from switchcraft.analyzers.msi import MsiAnalyzer
ModuleNotFoundError: No module named 'switchcraft'


----------------------------------------------------------------------
Ran 1 test in 0.001s

FAILED (errors=1)
